
*** Running vivado
    with args -log AudioProcessing_clock_divider_audio_0_0.vds -m64 -product Vivado -mode batch -messageDb vivado.pb -notrace -source AudioProcessing_clock_divider_audio_0_0.tcl


****** Vivado v2019.1 (64-bit)
  **** SW Build 2552052 on Fri May 24 14:49:42 MDT 2019
  **** IP Build 2548770 on Fri May 24 18:01:18 MDT 2019
    ** Copyright 1986-2019 Xilinx, Inc. All Rights Reserved.

source AudioProcessing_clock_divider_audio_0_0.tcl -notrace
Command: synth_design -top AudioProcessing_clock_divider_audio_0_0 -part xc7z020clg400-3 -mode out_of_context
Starting synth_design
WARNING: [IP_Flow 19-3571] IP 'AudioProcessing_clock_divider_audio_0_0' is restricted:
* Module reference is stale and needs refreshing.
Attempting to get a license for feature 'Synthesis' and/or device 'xc7z020'
INFO: [Common 17-349] Got license for feature 'Synthesis' and/or device 'xc7z020'
INFO: [Device 21-403] Loading part xc7z020clg400-3
INFO: [Common 17-83] Releasing license: Synthesis
3 Infos, 1 Warnings, 0 Critical Warnings and 1 Errors encountered.
synth_design failed
ERROR: [Common 17-680] Path length exceeds 260-Byte maximum allowed by Windows: D:/GitHub_Repo/MISC_Embedded_Projects/FreeLancing Projects Files/AudioProcessing/Vivado_Files/AudioProcessing/AudioProcessing.runs/AudioProcessing_clock_divider_audio_0_0_synth_1/D:/GitHub_Repo/MISC_Embedded_Projects/FreeLancing Projects Files/AudioProcessing/Vivado_Files/AudioProcessing/AudioProcessing.runs/AudioProcessing_clock_divider_audio_0_0_synth_1/.Xil/Vivado-9964-DESKTOP-Q2PB8PR/realtime\AudioProcessing_clock_divider_audio_0_0.tcl
Please consider using the OS subst command to shorten the path length by mapping part of the path to a virtual drive letter. See Answer Record AR52787 for more information.
Resolution: In Windows 7 or later, the mklink command can also be used to create a symbolic link and shorten the path.
INFO: [Common 17-206] Exiting Vivado at Mon Mar 10 11:25:14 2025...
