#-----------------------------------------------------------
# Vivado v2019.1 (64-bit)
# SW Build 2552052 on Fri May 24 14:49:42 MDT 2019
# IP Build 2548770 on Fri May 24 18:01:18 MDT 2019
# Start of session at: Mon Mar 10 10:17:34 2025
# Process ID: 13424
# Current directory: D:/GitHub_Repo/MISC_Embedded_Projects/FreeLancing Projects Files/AudioProcessing/Vivado_Files/AudioProcessing/AudioProcessing.runs/AudioProcessing_lowpass_fir_0_0_synth_1
# Command line: vivado.exe -log AudioProcessing_lowpass_fir_0_0.vds -product Vivado -mode batch -messageDb vivado.pb -notrace -source AudioProcessing_lowpass_fir_0_0.tcl
# Log file: D:/GitHub_Repo/MISC_Embedded_Projects/FreeLancing Projects Files/AudioProcessing/Vivado_Files/AudioProcessing/AudioProcessing.runs/AudioProcessing_lowpass_fir_0_0_synth_1/AudioProcessing_lowpass_fir_0_0.vds
# Journal file: D:/GitHub_Repo/MISC_Embedded_Projects/FreeLancing Projects Files/AudioProcessing/Vivado_Files/AudioProcessing/AudioProcessing.runs/AudioProcessing_lowpass_fir_0_0_synth_1\vivado.jou
#-----------------------------------------------------------
source AudioProcessing_lowpass_fir_0_0.tcl -notrace
